MPLINK 5.09, LINKER
Linker Map File - Created Wed Nov 15 11:37:51 2023

                                 Section Info
                  Section       Type    Address   Location Size(Bytes)
                ---------  ---------  ---------  ---------  ---------
                 RES_VECT       code   0x000000    program   0x000004
                   .cinit    romdata   0x000004    program   0x000002
                MAIN_PROG       code   0x000006    program   0x00001e
                      var      udata   0x000060       data   0x000002



                              Program Memory Usage 
                               Start         End      
                           ---------   ---------      
                            0x000000    0x000023      
            36 out of 8472 program addresses used, program memory utilization is 0%



                              Symbols - Sorted by Name
                     Name    Address   Location    Storage File                     
                ---------  ---------  ---------  --------- ---------                
                    AJOUT   0x000006    program     static C:\Users\anton\MPLABXProjects\TP_microcontroleur\TP_exo_2.X\main_exo2.asm
                   BOUCLE   0x000018    program     static C:\Users\anton\MPLABXProjects\TP_microcontroleur\TP_exo_2.X\main_exo2.asm
                    DEBUT   0x000012    program     static C:\Users\anton\MPLABXProjects\TP_microcontroleur\TP_exo_2.X\main_exo2.asm
          _MAIN_PROG_001A   0x000020    program     static C:\Users\anton\MPLABXProjects\TP_microcontroleur\TP_exo_2.X\main_exo2.asm
                        i   0x000061       data     static C:\Users\anton\MPLABXProjects\TP_microcontroleur\TP_exo_2.X\main_exo2.asm
                    somme   0x000060       data     static C:\Users\anton\MPLABXProjects\TP_microcontroleur\TP_exo_2.X\main_exo2.asm



                              Symbols - Sorted by Address
                     Name    Address   Location    Storage File                     
                ---------  ---------  ---------  --------- ---------                
                    AJOUT   0x000006    program     static C:\Users\anton\MPLABXProjects\TP_microcontroleur\TP_exo_2.X\main_exo2.asm
                    DEBUT   0x000012    program     static C:\Users\anton\MPLABXProjects\TP_microcontroleur\TP_exo_2.X\main_exo2.asm
                   BOUCLE   0x000018    program     static C:\Users\anton\MPLABXProjects\TP_microcontroleur\TP_exo_2.X\main_exo2.asm
          _MAIN_PROG_001A   0x000020    program     static C:\Users\anton\MPLABXProjects\TP_microcontroleur\TP_exo_2.X\main_exo2.asm
                    somme   0x000060       data     static C:\Users\anton\MPLABXProjects\TP_microcontroleur\TP_exo_2.X\main_exo2.asm
                        i   0x000061       data     static C:\Users\anton\MPLABXProjects\TP_microcontroleur\TP_exo_2.X\main_exo2.asm


