MPLINK 5.09, LINKER
Linker Map File - Created Fri Dec 01 11:54:33 2023

                                 Section Info
                  Section       Type    Address   Location Size(Bytes)
                ---------  ---------  ---------  ---------  ---------
                 RES_VECT       code   0x000000    program   0x000004
                   .cinit    romdata   0x000004    program   0x000002
                MAIN_PROG       code   0x000006    program   0x000026
.config_300001_BUILD/DEFAULT/PRODUCTION/TP_E_8.    romdata   0x300001    program   0x000001
.config_300002_BUILD/DEFAULT/PRODUCTION/TP_E_8.    romdata   0x300002    program   0x000001
.config_300003_BUILD/DEFAULT/PRODUCTION/TP_E_8.    romdata   0x300003    program   0x000001
.config_300005_BUILD/DEFAULT/PRODUCTION/TP_E_8.    romdata   0x300005    program   0x000001
.config_300006_BUILD/DEFAULT/PRODUCTION/TP_E_8.    romdata   0x300006    program   0x000001
.config_300008_BUILD/DEFAULT/PRODUCTION/TP_E_8.    romdata   0x300008    program   0x000001
.config_300009_BUILD/DEFAULT/PRODUCTION/TP_E_8.    romdata   0x300009    program   0x000001
.config_30000A_BUILD/DEFAULT/PRODUCTION/TP_E_8.    romdata   0x30000a    program   0x000001
.config_30000B_BUILD/DEFAULT/PRODUCTION/TP_E_8.    romdata   0x30000b    program   0x000001
.config_30000C_BUILD/DEFAULT/PRODUCTION/TP_E_8.    romdata   0x30000c    program   0x000001
.config_30000D_BUILD/DEFAULT/PRODUCTION/TP_E_8.    romdata   0x30000d    program   0x000001



                              Program Memory Usage 
                               Start         End      
                           ---------   ---------      
                            0x000000    0x00002b      
                            0x300001    0x300003      
                            0x300005    0x300006      
                            0x300008    0x30000d      
            55 out of 8472 program addresses used, program memory utilization is 0%



                              Symbols - Sorted by Name
                     Name    Address   Location    Storage File                     
                ---------  ---------  ---------  --------- ---------                
                     Loop   0x00001e    program     static C:\Users\antoi\MPLABXProjects\TP_E_8.X\TP_E_8.asm
                Loop_init   0x00001c    program     static C:\Users\antoi\MPLABXProjects\TP_E_8.X\TP_E_8.asm
                 MAIN_fnc   0x000006    program     static C:\Users\antoi\MPLABXProjects\TP_E_8.X\TP_E_8.asm
          _MAIN_PROG_0022   0x000028    program     static C:\Users\antoi\MPLABXProjects\TP_E_8.X\TP_E_8.asm



                              Symbols - Sorted by Address
                     Name    Address   Location    Storage File                     
                ---------  ---------  ---------  --------- ---------                
                 MAIN_fnc   0x000006    program     static C:\Users\antoi\MPLABXProjects\TP_E_8.X\TP_E_8.asm
                Loop_init   0x00001c    program     static C:\Users\antoi\MPLABXProjects\TP_E_8.X\TP_E_8.asm
                     Loop   0x00001e    program     static C:\Users\antoi\MPLABXProjects\TP_E_8.X\TP_E_8.asm
          _MAIN_PROG_0022   0x000028    program     static C:\Users\antoi\MPLABXProjects\TP_E_8.X\TP_E_8.asm


