MPLINK 5.09, LINKER
Linker Map File - Created Wed Dec 13 10:50:21 2023

                                 Section Info
                  Section       Type    Address   Location Size(Bytes)
                ---------  ---------  ---------  ---------  ---------
                 RES_VECT       code   0x000000    program   0x000004
                   .cinit    romdata   0x000004    program   0x000002
                MAIN_PROG       code   0x000006    program   0x00004a
.config_300001_BUILD/DEFAULT/PRODUCTION/MAIN_EX    romdata   0x300001    program   0x000001
.config_300002_BUILD/DEFAULT/PRODUCTION/MAIN_EX    romdata   0x300002    program   0x000001
.config_300003_BUILD/DEFAULT/PRODUCTION/MAIN_EX    romdata   0x300003    program   0x000001
.config_300005_BUILD/DEFAULT/PRODUCTION/MAIN_EX    romdata   0x300005    program   0x000001
.config_300006_BUILD/DEFAULT/PRODUCTION/MAIN_EX    romdata   0x300006    program   0x000001
.config_300008_BUILD/DEFAULT/PRODUCTION/MAIN_EX    romdata   0x300008    program   0x000001
.config_300009_BUILD/DEFAULT/PRODUCTION/MAIN_EX    romdata   0x300009    program   0x000001
.config_30000A_BUILD/DEFAULT/PRODUCTION/MAIN_EX    romdata   0x30000a    program   0x000001
.config_30000B_BUILD/DEFAULT/PRODUCTION/MAIN_EX    romdata   0x30000b    program   0x000001
.config_30000C_BUILD/DEFAULT/PRODUCTION/MAIN_EX    romdata   0x30000c    program   0x000001
.config_30000D_BUILD/DEFAULT/PRODUCTION/MAIN_EX    romdata   0x30000d    program   0x000001
                      var      udata   0x000000       data   0x000001



                              Program Memory Usage 
                               Start         End      
                           ---------   ---------      
                            0x000000    0x00004f      
                            0x300001    0x300003      
                            0x300005    0x300006      
                            0x300008    0x30000d      
            91 out of 8472 program addresses used, program memory utilization is 1%



                              Symbols - Sorted by Name
                     Name    Address   Location    Storage File                     
                ---------  ---------  ---------  --------- ---------                
                    DEBUT   0x000006    program     static C:\Users\anton\MPLABXProjects\TP_microcontroleur\TP_exo_10.X\main_ex_10.asm
                     loop   0x000020    program     static C:\Users\anton\MPLABXProjects\TP_microcontroleur\TP_exo_10.X\main_ex_10.asm
               tempo_hard   0x00003a    program     static C:\Users\anton\MPLABXProjects\TP_microcontroleur\TP_exo_10.X\main_ex_10.asm
                tempo_run   0x000048    program     static C:\Users\anton\MPLABXProjects\TP_microcontroleur\TP_exo_10.X\main_ex_10.asm
                      led   0x000000       data     static C:\Users\anton\MPLABXProjects\TP_microcontroleur\TP_exo_10.X\main_ex_10.asm



                              Symbols - Sorted by Address
                     Name    Address   Location    Storage File                     
                ---------  ---------  ---------  --------- ---------                
                    DEBUT   0x000006    program     static C:\Users\anton\MPLABXProjects\TP_microcontroleur\TP_exo_10.X\main_ex_10.asm
                     loop   0x000020    program     static C:\Users\anton\MPLABXProjects\TP_microcontroleur\TP_exo_10.X\main_ex_10.asm
               tempo_hard   0x00003a    program     static C:\Users\anton\MPLABXProjects\TP_microcontroleur\TP_exo_10.X\main_ex_10.asm
                tempo_run   0x000048    program     static C:\Users\anton\MPLABXProjects\TP_microcontroleur\TP_exo_10.X\main_ex_10.asm
                      led   0x000000       data     static C:\Users\anton\MPLABXProjects\TP_microcontroleur\TP_exo_10.X\main_ex_10.asm


