MPLINK 5.09, LINKER
Linker Map File - Created Wed Nov 15 10:54:31 2023

                                 Section Info
                  Section       Type    Address   Location Size(Bytes)
                ---------  ---------  ---------  ---------  ---------
                 RES_VECT       code   0x000000    program   0x000004
                   .cinit    romdata   0x000004    program   0x000002
                MAIN_PROG       code   0x000006    program   0x00001c
                      var      udata   0x000100       data   0x000001



                              Program Memory Usage 
                               Start         End      
                           ---------   ---------      
                            0x000000    0x000021      
            34 out of 8472 program addresses used, program memory utilization is 0%



                              Symbols - Sorted by Name
                     Name    Address   Location    Storage File                     
                ---------  ---------  ---------  --------- ---------                
                 ADDITION   0x00000e    program     static C:\Users\anton\MPLABXProjects\TP_microcontroleur\TP_exo_1.X\main_exo1.asm
                    DEBUT   0x000006    program     static C:\Users\anton\MPLABXProjects\TP_microcontroleur\TP_exo_1.X\main_exo1.asm
          _MAIN_PROG_0018   0x00001e    program     static C:\Users\anton\MPLABXProjects\TP_microcontroleur\TP_exo_1.X\main_exo1.asm
                      cpt   0x000100       data     static C:\Users\anton\MPLABXProjects\TP_microcontroleur\TP_exo_1.X\main_exo1.asm



                              Symbols - Sorted by Address
                     Name    Address   Location    Storage File                     
                ---------  ---------  ---------  --------- ---------                
                    DEBUT   0x000006    program     static C:\Users\anton\MPLABXProjects\TP_microcontroleur\TP_exo_1.X\main_exo1.asm
                 ADDITION   0x00000e    program     static C:\Users\anton\MPLABXProjects\TP_microcontroleur\TP_exo_1.X\main_exo1.asm
          _MAIN_PROG_0018   0x00001e    program     static C:\Users\anton\MPLABXProjects\TP_microcontroleur\TP_exo_1.X\main_exo1.asm
                      cpt   0x000100       data     static C:\Users\anton\MPLABXProjects\TP_microcontroleur\TP_exo_1.X\main_exo1.asm


