MPLINK 5.09, LINKER
Linker Map File - Created Wed Nov 29 09:11:28 2023

                                 Section Info
                  Section       Type    Address   Location Size(Bytes)
                ---------  ---------  ---------  ---------  ---------
                 RES_VECT       code   0x000000    program   0x000004
                   .cinit    romdata   0x000004    program   0x000002
                MAIN_PROG       code   0x000006    program   0x000084
                      var      udata   0x000000       data   0x000003



                              Program Memory Usage 
                               Start         End      
                           ---------   ---------      
                            0x000000    0x000089      
            138 out of 8472 program addresses used, program memory utilization is 1%



                              Symbols - Sorted by Name
                     Name    Address   Location    Storage File                     
                ---------  ---------  ---------  --------- ---------                
                    DEBUT   0x00007a    program     static C:\Users\anton\MPLABXProjects\TP_microcontroleur\TP_exo_5.X\main_exo5.asm
          _MAIN_PROG_0080   0x000086    program     static C:\Users\anton\MPLABXProjects\TP_microcontroleur\TP_exo_5.X\main_exo5.asm
           ecrire_tableau   0x000006    program     static C:\Users\anton\MPLABXProjects\TP_microcontroleur\TP_exo_5.X\main_exo5.asm
        fin_recherche_max   0x000078    program     static C:\Users\anton\MPLABXProjects\TP_microcontroleur\TP_exo_5.X\main_exo5.asm
        fin_recherche_min   0x000054    program     static C:\Users\anton\MPLABXProjects\TP_microcontroleur\TP_exo_5.X\main_exo5.asm
          loop_search_max   0x000070    program     static C:\Users\anton\MPLABXProjects\TP_microcontroleur\TP_exo_5.X\main_exo5.asm
          loop_search_min   0x00004c    program     static C:\Users\anton\MPLABXProjects\TP_microcontroleur\TP_exo_5.X\main_exo5.asm
            recherche_max   0x000062    program     static C:\Users\anton\MPLABXProjects\TP_microcontroleur\TP_exo_5.X\main_exo5.asm
            recherche_min   0x00003e    program     static C:\Users\anton\MPLABXProjects\TP_microcontroleur\TP_exo_5.X\main_exo5.asm
                 swap_max   0x000056    program     static C:\Users\anton\MPLABXProjects\TP_microcontroleur\TP_exo_5.X\main_exo5.asm
                 swap_min   0x000032    program     static C:\Users\anton\MPLABXProjects\TP_microcontroleur\TP_exo_5.X\main_exo5.asm
                      max   0x000002       data     static C:\Users\anton\MPLABXProjects\TP_microcontroleur\TP_exo_5.X\main_exo5.asm
                      min   0x000001       data     static C:\Users\anton\MPLABXProjects\TP_microcontroleur\TP_exo_5.X\main_exo5.asm
           taille_tableau   0x000000       data     static C:\Users\anton\MPLABXProjects\TP_microcontroleur\TP_exo_5.X\main_exo5.asm



                              Symbols - Sorted by Address
                     Name    Address   Location    Storage File                     
                ---------  ---------  ---------  --------- ---------                
           ecrire_tableau   0x000006    program     static C:\Users\anton\MPLABXProjects\TP_microcontroleur\TP_exo_5.X\main_exo5.asm
                 swap_min   0x000032    program     static C:\Users\anton\MPLABXProjects\TP_microcontroleur\TP_exo_5.X\main_exo5.asm
            recherche_min   0x00003e    program     static C:\Users\anton\MPLABXProjects\TP_microcontroleur\TP_exo_5.X\main_exo5.asm
          loop_search_min   0x00004c    program     static C:\Users\anton\MPLABXProjects\TP_microcontroleur\TP_exo_5.X\main_exo5.asm
        fin_recherche_min   0x000054    program     static C:\Users\anton\MPLABXProjects\TP_microcontroleur\TP_exo_5.X\main_exo5.asm
                 swap_max   0x000056    program     static C:\Users\anton\MPLABXProjects\TP_microcontroleur\TP_exo_5.X\main_exo5.asm
            recherche_max   0x000062    program     static C:\Users\anton\MPLABXProjects\TP_microcontroleur\TP_exo_5.X\main_exo5.asm
          loop_search_max   0x000070    program     static C:\Users\anton\MPLABXProjects\TP_microcontroleur\TP_exo_5.X\main_exo5.asm
        fin_recherche_max   0x000078    program     static C:\Users\anton\MPLABXProjects\TP_microcontroleur\TP_exo_5.X\main_exo5.asm
                    DEBUT   0x00007a    program     static C:\Users\anton\MPLABXProjects\TP_microcontroleur\TP_exo_5.X\main_exo5.asm
          _MAIN_PROG_0080   0x000086    program     static C:\Users\anton\MPLABXProjects\TP_microcontroleur\TP_exo_5.X\main_exo5.asm
           taille_tableau   0x000000       data     static C:\Users\anton\MPLABXProjects\TP_microcontroleur\TP_exo_5.X\main_exo5.asm
                      min   0x000001       data     static C:\Users\anton\MPLABXProjects\TP_microcontroleur\TP_exo_5.X\main_exo5.asm
                      max   0x000002       data     static C:\Users\anton\MPLABXProjects\TP_microcontroleur\TP_exo_5.X\main_exo5.asm


