MPLINK 5.09, LINKER
Linker Map File - Created Tue Nov 28 11:33:34 2023

                                 Section Info
                  Section       Type    Address   Location Size(Bytes)
                ---------  ---------  ---------  ---------  ---------
                 RES_VECT       code   0x000000    program   0x000004
                   .cinit    romdata   0x000004    program   0x000002
                MAIN_PROG       code   0x000006    program   0x0000d0
                varAccess      udata   0x000000       data   0x000001
                 varBank1      udata   0x000100       data   0x000010
                 varBank2      udata   0x000200       data   0x000012
                 varBank3      udata   0x000300       data   0x000012



                              Program Memory Usage 
                               Start         End      
                           ---------   ---------      
                            0x000000    0x0000d5      
            214 out of 33048 program addresses used, program memory utilization is 0%



                              Symbols - Sorted by Name
                     Name    Address   Location    Storage File                     
                ---------  ---------  ---------  --------- ---------                
                    DEBUT   0x000092    program     static C:\Users\anton\MPLABXProjects\TP_microcontroleur\TD2.X\main_TD2.asm
          _MAIN_PROG_00CC   0x0000d2    program     static C:\Users\anton\MPLABXProjects\TP_microcontroleur\TD2.X\main_TD2.asm
          calcul_longueur   0x000006    program     static C:\Users\anton\MPLABXProjects\TP_microcontroleur\TD2.X\main_TD2.asm
    calcul_longueur_crypt   0x00001a    program     static C:\Users\anton\MPLABXProjects\TP_microcontroleur\TD2.X\main_TD2.asm
             change_crypt   0x000030    program     static C:\Users\anton\MPLABXProjects\TP_microcontroleur\TD2.X\main_TD2.asm
                 cryptage   0x000042    program     static C:\Users\anton\MPLABXProjects\TP_microcontroleur\TD2.X\main_TD2.asm
      fin_calcul_longueur   0x000018    program     static C:\Users\anton\MPLABXProjects\TP_microcontroleur\TD2.X\main_TD2.asm
fin_calcul_longueur_crypt   0x00002e    program     static C:\Users\anton\MPLABXProjects\TP_microcontroleur\TD2.X\main_TD2.asm
             fin_cryptage   0x000062    program     static C:\Users\anton\MPLABXProjects\TP_microcontroleur\TD2.X\main_TD2.asm
        fin_inv_pwd_crypt   0x000090    program     static C:\Users\anton\MPLABXProjects\TP_microcontroleur\TD2.X\main_TD2.asm
                inv_crypt   0x000064    program     static C:\Users\anton\MPLABXProjects\TP_microcontroleur\TD2.X\main_TD2.asm
            inv_pwd_crypt   0x00006e    program     static C:\Users\anton\MPLABXProjects\TP_microcontroleur\TD2.X\main_TD2.asm
     loop_calcul_longueur   0x00000e    program     static C:\Users\anton\MPLABXProjects\TP_microcontroleur\TD2.X\main_TD2.asm
loop_calcul_longueur_crypt   0x000024    program     static C:\Users\anton\MPLABXProjects\TP_microcontroleur\TD2.X\main_TD2.asm
               loop_crypt   0x000056    program     static C:\Users\anton\MPLABXProjects\TP_microcontroleur\TD2.X\main_TD2.asm
             loop_inv_pwd   0x000084    program     static C:\Users\anton\MPLABXProjects\TP_microcontroleur\TD2.X\main_TD2.asm
                   lenght   0x000000       data     static C:\Users\anton\MPLABXProjects\TP_microcontroleur\TD2.X\main_TD2.asm
             lenght_crypt   0x000200       data     static C:\Users\anton\MPLABXProjects\TP_microcontroleur\TD2.X\main_TD2.asm
         lenght_crypt_inv   0x000300       data     static C:\Users\anton\MPLABXProjects\TP_microcontroleur\TD2.X\main_TD2.asm
                 password   0x000100       data     static C:\Users\anton\MPLABXProjects\TP_microcontroleur\TD2.X\main_TD2.asm
                pwd_crypt   0x000201       data     static C:\Users\anton\MPLABXProjects\TP_microcontroleur\TD2.X\main_TD2.asm
            pwd_crypt_inv   0x000301       data     static C:\Users\anton\MPLABXProjects\TP_microcontroleur\TD2.X\main_TD2.asm



                              Symbols - Sorted by Address
                     Name    Address   Location    Storage File                     
                ---------  ---------  ---------  --------- ---------                
          calcul_longueur   0x000006    program     static C:\Users\anton\MPLABXProjects\TP_microcontroleur\TD2.X\main_TD2.asm
     loop_calcul_longueur   0x00000e    program     static C:\Users\anton\MPLABXProjects\TP_microcontroleur\TD2.X\main_TD2.asm
      fin_calcul_longueur   0x000018    program     static C:\Users\anton\MPLABXProjects\TP_microcontroleur\TD2.X\main_TD2.asm
    calcul_longueur_crypt   0x00001a    program     static C:\Users\anton\MPLABXProjects\TP_microcontroleur\TD2.X\main_TD2.asm
loop_calcul_longueur_crypt   0x000024    program     static C:\Users\anton\MPLABXProjects\TP_microcontroleur\TD2.X\main_TD2.asm
fin_calcul_longueur_crypt   0x00002e    program     static C:\Users\anton\MPLABXProjects\TP_microcontroleur\TD2.X\main_TD2.asm
             change_crypt   0x000030    program     static C:\Users\anton\MPLABXProjects\TP_microcontroleur\TD2.X\main_TD2.asm
                 cryptage   0x000042    program     static C:\Users\anton\MPLABXProjects\TP_microcontroleur\TD2.X\main_TD2.asm
               loop_crypt   0x000056    program     static C:\Users\anton\MPLABXProjects\TP_microcontroleur\TD2.X\main_TD2.asm
             fin_cryptage   0x000062    program     static C:\Users\anton\MPLABXProjects\TP_microcontroleur\TD2.X\main_TD2.asm
                inv_crypt   0x000064    program     static C:\Users\anton\MPLABXProjects\TP_microcontroleur\TD2.X\main_TD2.asm
            inv_pwd_crypt   0x00006e    program     static C:\Users\anton\MPLABXProjects\TP_microcontroleur\TD2.X\main_TD2.asm
             loop_inv_pwd   0x000084    program     static C:\Users\anton\MPLABXProjects\TP_microcontroleur\TD2.X\main_TD2.asm
        fin_inv_pwd_crypt   0x000090    program     static C:\Users\anton\MPLABXProjects\TP_microcontroleur\TD2.X\main_TD2.asm
                    DEBUT   0x000092    program     static C:\Users\anton\MPLABXProjects\TP_microcontroleur\TD2.X\main_TD2.asm
          _MAIN_PROG_00CC   0x0000d2    program     static C:\Users\anton\MPLABXProjects\TP_microcontroleur\TD2.X\main_TD2.asm
                   lenght   0x000000       data     static C:\Users\anton\MPLABXProjects\TP_microcontroleur\TD2.X\main_TD2.asm
                 password   0x000100       data     static C:\Users\anton\MPLABXProjects\TP_microcontroleur\TD2.X\main_TD2.asm
             lenght_crypt   0x000200       data     static C:\Users\anton\MPLABXProjects\TP_microcontroleur\TD2.X\main_TD2.asm
                pwd_crypt   0x000201       data     static C:\Users\anton\MPLABXProjects\TP_microcontroleur\TD2.X\main_TD2.asm
         lenght_crypt_inv   0x000300       data     static C:\Users\anton\MPLABXProjects\TP_microcontroleur\TD2.X\main_TD2.asm
            pwd_crypt_inv   0x000301       data     static C:\Users\anton\MPLABXProjects\TP_microcontroleur\TD2.X\main_TD2.asm


