MPLINK 5.09, LINKER
Linker Map File - Created Wed Nov 29 10:51:24 2023

                                 Section Info
                  Section       Type    Address   Location Size(Bytes)
                ---------  ---------  ---------  ---------  ---------
                 RES_VECT       code   0x000000    program   0x000004
                   .cinit    romdata   0x000004    program   0x000002
                MAIN_PROG       code   0x000006    program   0x00004a
                  var_ACS      udata   0x000000       data   0x000004



                              Program Memory Usage 
                               Start         End      
                           ---------   ---------      
                            0x000000    0x00004f      
            80 out of 8472 program addresses used, program memory utilization is 0%



                              Symbols - Sorted by Name
                     Name    Address   Location    Storage File                     
                ---------  ---------  ---------  --------- ---------                
                    DEBUT   0x000048    program     static C:\Users\anton\MPLABXProjects\TP_microcontroleur\TP_exo_6.X\main_exo6.asm
          _MAIN_PROG_0046   0x00004c    program     static C:\Users\anton\MPLABXProjects\TP_microcontroleur\TP_exo_6.X\main_exo6.asm
            fin_recherche   0x000046    program     static C:\Users\anton\MPLABXProjects\TP_microcontroleur\TP_exo_6.X\main_exo6.asm
              loop_search   0x00003e    program     static C:\Users\anton\MPLABXProjects\TP_microcontroleur\TP_exo_6.X\main_exo6.asm
            recherche_tab   0x00002e    program     static C:\Users\anton\MPLABXProjects\TP_microcontroleur\TP_exo_6.X\main_exo6.asm
                     swap   0x00001a    program     static C:\Users\anton\MPLABXProjects\TP_microcontroleur\TP_exo_6.X\main_exo6.asm
                  tableau   0x000006    program     static C:\Users\anton\MPLABXProjects\TP_microcontroleur\TP_exo_6.X\main_exo6.asm
                    index   0x000003       data     static C:\Users\anton\MPLABXProjects\TP_microcontroleur\TP_exo_6.X\main_exo6.asm
                      max   0x000002       data     static C:\Users\anton\MPLABXProjects\TP_microcontroleur\TP_exo_6.X\main_exo6.asm
                      min   0x000001       data     static C:\Users\anton\MPLABXProjects\TP_microcontroleur\TP_exo_6.X\main_exo6.asm
           taille_tableau   0x000000       data     static C:\Users\anton\MPLABXProjects\TP_microcontroleur\TP_exo_6.X\main_exo6.asm



                              Symbols - Sorted by Address
                     Name    Address   Location    Storage File                     
                ---------  ---------  ---------  --------- ---------                
                  tableau   0x000006    program     static C:\Users\anton\MPLABXProjects\TP_microcontroleur\TP_exo_6.X\main_exo6.asm
                     swap   0x00001a    program     static C:\Users\anton\MPLABXProjects\TP_microcontroleur\TP_exo_6.X\main_exo6.asm
            recherche_tab   0x00002e    program     static C:\Users\anton\MPLABXProjects\TP_microcontroleur\TP_exo_6.X\main_exo6.asm
              loop_search   0x00003e    program     static C:\Users\anton\MPLABXProjects\TP_microcontroleur\TP_exo_6.X\main_exo6.asm
            fin_recherche   0x000046    program     static C:\Users\anton\MPLABXProjects\TP_microcontroleur\TP_exo_6.X\main_exo6.asm
                    DEBUT   0x000048    program     static C:\Users\anton\MPLABXProjects\TP_microcontroleur\TP_exo_6.X\main_exo6.asm
          _MAIN_PROG_0046   0x00004c    program     static C:\Users\anton\MPLABXProjects\TP_microcontroleur\TP_exo_6.X\main_exo6.asm
           taille_tableau   0x000000       data     static C:\Users\anton\MPLABXProjects\TP_microcontroleur\TP_exo_6.X\main_exo6.asm
                      min   0x000001       data     static C:\Users\anton\MPLABXProjects\TP_microcontroleur\TP_exo_6.X\main_exo6.asm
                      max   0x000002       data     static C:\Users\anton\MPLABXProjects\TP_microcontroleur\TP_exo_6.X\main_exo6.asm
                    index   0x000003       data     static C:\Users\anton\MPLABXProjects\TP_microcontroleur\TP_exo_6.X\main_exo6.asm


