MPLINK 5.09, LINKER
Linker Map File - Created Fri Dec 08 11:34:40 2023

                                 Section Info
                  Section       Type    Address   Location Size(Bytes)
                ---------  ---------  ---------  ---------  ---------
                 RES_VECT       code   0x000000    program   0x000004
                   .cinit    romdata   0x000004    program   0x000002
                MAIN_PROG       code   0x000006    program   0x00006e
                    dbgP0       code   0x001dc0    program   0x000240
.config_300001_BUILD/DEFAULT/DEBUG/TP_E_9.O    romdata   0x300001    program   0x000001
.config_300002_BUILD/DEFAULT/DEBUG/TP_E_9.O    romdata   0x300002    program   0x000001
.config_300003_BUILD/DEFAULT/DEBUG/TP_E_9.O    romdata   0x300003    program   0x000001
.config_300005_BUILD/DEFAULT/DEBUG/TP_E_9.O    romdata   0x300005    program   0x000001
.config_300006_BUILD/DEFAULT/DEBUG/TP_E_9.O    romdata   0x300006    program   0x000001
.config_300008_BUILD/DEFAULT/DEBUG/TP_E_9.O    romdata   0x300008    program   0x000001
.config_300009_BUILD/DEFAULT/DEBUG/TP_E_9.O    romdata   0x300009    program   0x000001
.config_30000A_BUILD/DEFAULT/DEBUG/TP_E_9.O    romdata   0x30000a    program   0x000001
.config_30000B_BUILD/DEFAULT/DEBUG/TP_E_9.O    romdata   0x30000b    program   0x000001
.config_30000C_BUILD/DEFAULT/DEBUG/TP_E_9.O    romdata   0x30000c    program   0x000001
.config_30000D_BUILD/DEFAULT/DEBUG/TP_E_9.O    romdata   0x30000d    program   0x000001
                  var_ACS      udata   0x000000       data   0x000004
                    dbgD0      udata   0x0001f4       data   0x00000c



                              Program Memory Usage 
                               Start         End      
                           ---------   ---------      
                            0x000000    0x000073      
                            0x001dc0    0x001fff      
                            0x300001    0x300003      
                            0x300005    0x300006      
                            0x300008    0x30000d      
            703 out of 8472 program addresses used, program memory utilization is 8%



                              Symbols - Sorted by Name
                     Name    Address   Location    Storage File                     
                ---------  ---------  ---------  --------- ---------                
                     Loop   0x000022    program     static C:\Users\antoi\MPLABXProjects\TP_E_9.X\TP_E_9.asm
                Loop_init   0x00001c    program     static C:\Users\antoi\MPLABXProjects\TP_E_9.X\TP_E_9.asm
                 MAIN_fnc   0x000006    program     static C:\Users\antoi\MPLABXProjects\TP_E_9.X\TP_E_9.asm
               reset_var2   0x000042    program     static C:\Users\antoi\MPLABXProjects\TP_E_9.X\TP_E_9.asm
               reset_var3   0x000048    program     static C:\Users\antoi\MPLABXProjects\TP_E_9.X\TP_E_9.asm
            routine_tempo   0x000036    program     static C:\Users\antoi\MPLABXProjects\TP_E_9.X\TP_E_9.asm
                     sub_   0x00004e    program     static C:\Users\antoi\MPLABXProjects\TP_E_9.X\TP_E_9.asm
                     leds   0x000003       data     static C:\Users\antoi\MPLABXProjects\TP_E_9.X\TP_E_9.asm
                     var1   0x000000       data     static C:\Users\antoi\MPLABXProjects\TP_E_9.X\TP_E_9.asm
                     var2   0x000001       data     static C:\Users\antoi\MPLABXProjects\TP_E_9.X\TP_E_9.asm
                     var3   0x000002       data     static C:\Users\antoi\MPLABXProjects\TP_E_9.X\TP_E_9.asm



                              Symbols - Sorted by Address
                     Name    Address   Location    Storage File                     
                ---------  ---------  ---------  --------- ---------                
                 MAIN_fnc   0x000006    program     static C:\Users\antoi\MPLABXProjects\TP_E_9.X\TP_E_9.asm
                Loop_init   0x00001c    program     static C:\Users\antoi\MPLABXProjects\TP_E_9.X\TP_E_9.asm
                     Loop   0x000022    program     static C:\Users\antoi\MPLABXProjects\TP_E_9.X\TP_E_9.asm
            routine_tempo   0x000036    program     static C:\Users\antoi\MPLABXProjects\TP_E_9.X\TP_E_9.asm
               reset_var2   0x000042    program     static C:\Users\antoi\MPLABXProjects\TP_E_9.X\TP_E_9.asm
               reset_var3   0x000048    program     static C:\Users\antoi\MPLABXProjects\TP_E_9.X\TP_E_9.asm
                     sub_   0x00004e    program     static C:\Users\antoi\MPLABXProjects\TP_E_9.X\TP_E_9.asm
                     var1   0x000000       data     static C:\Users\antoi\MPLABXProjects\TP_E_9.X\TP_E_9.asm
                     var2   0x000001       data     static C:\Users\antoi\MPLABXProjects\TP_E_9.X\TP_E_9.asm
                     var3   0x000002       data     static C:\Users\antoi\MPLABXProjects\TP_E_9.X\TP_E_9.asm
                     leds   0x000003       data     static C:\Users\antoi\MPLABXProjects\TP_E_9.X\TP_E_9.asm


