MPLINK 5.09, LINKER
Linker Map File - Created Thu Nov 30 01:26:52 2023

                                 Section Info
                  Section       Type    Address   Location Size(Bytes)
                ---------  ---------  ---------  ---------  ---------
                 RES_VECT       code   0x000000    program   0x000004
                   .cinit    romdata   0x000004    program   0x000002
                MAIN_PROG       code   0x000006    program   0x00003c
                    label       code   0x000100    program   0x000008
                  var_ACS      udata   0x000000       data   0x000004



                              Program Memory Usage 
                               Start         End      
                           ---------   ---------      
                            0x000000    0x000041      
                            0x000100    0x000107      
            74 out of 8472 program addresses used, program memory utilization is 0%



                              Symbols - Sorted by Name
                     Name    Address   Location    Storage File                     
                ---------  ---------  ---------  --------- ---------                
                    DEBUT   0x00002e    program     static C:\Users\anton\MPLABXProjects\TP_microcontroleur\TP_exo_7.X\main_exo7.asm
          _MAIN_PROG_0038   0x00003e    program     static C:\Users\anton\MPLABXProjects\TP_microcontroleur\TP_exo_7.X\main_exo7.asm
            fin_recherche   0x00002c    program     static C:\Users\anton\MPLABXProjects\TP_microcontroleur\TP_exo_7.X\main_exo7.asm
              loop_search   0x000024    program     static C:\Users\anton\MPLABXProjects\TP_microcontroleur\TP_exo_7.X\main_exo7.asm
            recherche_tab   0x000018    program     static C:\Users\anton\MPLABXProjects\TP_microcontroleur\TP_exo_7.X\main_exo7.asm
                     swap   0x000006    program     static C:\Users\anton\MPLABXProjects\TP_microcontroleur\TP_exo_7.X\main_exo7.asm
                  tableau   0x000100    program     static C:\Users\anton\MPLABXProjects\TP_microcontroleur\TP_exo_7.X\main_exo7.asm
                    index   0x000003       data     static C:\Users\anton\MPLABXProjects\TP_microcontroleur\TP_exo_7.X\main_exo7.asm
                      max   0x000002       data     static C:\Users\anton\MPLABXProjects\TP_microcontroleur\TP_exo_7.X\main_exo7.asm
                      min   0x000001       data     static C:\Users\anton\MPLABXProjects\TP_microcontroleur\TP_exo_7.X\main_exo7.asm
           taille_tableau   0x000000       data     static C:\Users\anton\MPLABXProjects\TP_microcontroleur\TP_exo_7.X\main_exo7.asm



                              Symbols - Sorted by Address
                     Name    Address   Location    Storage File                     
                ---------  ---------  ---------  --------- ---------                
                     swap   0x000006    program     static C:\Users\anton\MPLABXProjects\TP_microcontroleur\TP_exo_7.X\main_exo7.asm
            recherche_tab   0x000018    program     static C:\Users\anton\MPLABXProjects\TP_microcontroleur\TP_exo_7.X\main_exo7.asm
              loop_search   0x000024    program     static C:\Users\anton\MPLABXProjects\TP_microcontroleur\TP_exo_7.X\main_exo7.asm
            fin_recherche   0x00002c    program     static C:\Users\anton\MPLABXProjects\TP_microcontroleur\TP_exo_7.X\main_exo7.asm
                    DEBUT   0x00002e    program     static C:\Users\anton\MPLABXProjects\TP_microcontroleur\TP_exo_7.X\main_exo7.asm
          _MAIN_PROG_0038   0x00003e    program     static C:\Users\anton\MPLABXProjects\TP_microcontroleur\TP_exo_7.X\main_exo7.asm
                  tableau   0x000100    program     static C:\Users\anton\MPLABXProjects\TP_microcontroleur\TP_exo_7.X\main_exo7.asm
           taille_tableau   0x000000       data     static C:\Users\anton\MPLABXProjects\TP_microcontroleur\TP_exo_7.X\main_exo7.asm
                      min   0x000001       data     static C:\Users\anton\MPLABXProjects\TP_microcontroleur\TP_exo_7.X\main_exo7.asm
                      max   0x000002       data     static C:\Users\anton\MPLABXProjects\TP_microcontroleur\TP_exo_7.X\main_exo7.asm
                    index   0x000003       data     static C:\Users\anton\MPLABXProjects\TP_microcontroleur\TP_exo_7.X\main_exo7.asm


