MPLINK 5.09, LINKER
Linker Map File - Created Fri Dec 15 11:07:27 2023

                                 Section Info
                  Section       Type    Address   Location Size(Bytes)
                ---------  ---------  ---------  ---------  ---------
                 RES_VECT       code   0x000000    program   0x000004
                   .cinit    romdata   0x000004    program   0x000002
                MAIN_PROG       code   0x000006    program   0x000048
.config_300001_BUILD/DEFAULT/PRODUCTION/TP_E_10    romdata   0x300001    program   0x000001
.config_300002_BUILD/DEFAULT/PRODUCTION/TP_E_10    romdata   0x300002    program   0x000001
.config_300003_BUILD/DEFAULT/PRODUCTION/TP_E_10    romdata   0x300003    program   0x000001
.config_300005_BUILD/DEFAULT/PRODUCTION/TP_E_10    romdata   0x300005    program   0x000001
.config_300006_BUILD/DEFAULT/PRODUCTION/TP_E_10    romdata   0x300006    program   0x000001
.config_300008_BUILD/DEFAULT/PRODUCTION/TP_E_10    romdata   0x300008    program   0x000001
.config_300009_BUILD/DEFAULT/PRODUCTION/TP_E_10    romdata   0x300009    program   0x000001
.config_30000A_BUILD/DEFAULT/PRODUCTION/TP_E_10    romdata   0x30000a    program   0x000001
.config_30000B_BUILD/DEFAULT/PRODUCTION/TP_E_10    romdata   0x30000b    program   0x000001
.config_30000C_BUILD/DEFAULT/PRODUCTION/TP_E_10    romdata   0x30000c    program   0x000001
.config_30000D_BUILD/DEFAULT/PRODUCTION/TP_E_10    romdata   0x30000d    program   0x000001



                              Program Memory Usage 
                               Start         End      
                           ---------   ---------      
                            0x000000    0x00004d      
                            0x300001    0x300003      
                            0x300005    0x300006      
                            0x300008    0x30000d      
            89 out of 8472 program addresses used, program memory utilization is 1%



                              Symbols - Sorted by Name
                     Name    Address   Location    Storage File                     
                ---------  ---------  ---------  --------- ---------                
                 MAIN_fnc   0x000006    program     static C:\Users\antoi\MPLABXProjects\TP_E_10.X\TP_E_10.asm
                 MainLoop   0x000022    program     static C:\Users\antoi\MPLABXProjects\TP_E_10.X\TP_E_10.asm
               NoOverflow   0x00004a    program     static C:\Users\antoi\MPLABXProjects\TP_E_10.X\TP_E_10.asm
                 Overflow   0x00002c    program     static C:\Users\antoi\MPLABXProjects\TP_E_10.X\TP_E_10.asm



                              Symbols - Sorted by Address
                     Name    Address   Location    Storage File                     
                ---------  ---------  ---------  --------- ---------                
                 MAIN_fnc   0x000006    program     static C:\Users\antoi\MPLABXProjects\TP_E_10.X\TP_E_10.asm
                 MainLoop   0x000022    program     static C:\Users\antoi\MPLABXProjects\TP_E_10.X\TP_E_10.asm
                 Overflow   0x00002c    program     static C:\Users\antoi\MPLABXProjects\TP_E_10.X\TP_E_10.asm
               NoOverflow   0x00004a    program     static C:\Users\antoi\MPLABXProjects\TP_E_10.X\TP_E_10.asm


